src/assets/colors/alias.ts(1,29): error TS2691: An import path cannot end with a '.ts' extension. Consider importing './global.js' instead.
src/components/Button.tsx(3,24): error TS2691: An import path cannot end with a '.ts' extension. Consider importing '../assets/colors/alias.js' instead.
src/components/Button.tsx(4,26): error TS2691: An import path cannot end with a '.tsx' extension. Consider importing '../contexts/ThemeContext.js' instead.
src/components/Button.tsx(5,22): error TS2691: An import path cannot end with a '.tsx' extension. Consider importing '../Text.js' instead.
src/components/Chip.tsx(3,24): error TS2691: An import path cannot end with a '.ts' extension. Consider importing '../assets/colors/alias.js' instead.
src/components/Chip.tsx(4,22): error TS2691: An import path cannot end with a '.tsx' extension. Consider importing '../Text.js' instead.
src/components/Chip.tsx(5,26): error TS2691: An import path cannot end with a '.tsx' extension. Consider importing '../contexts/ThemeContext.js' instead.
src/components/Divider.tsx(2,24): error TS2691: An import path cannot end with a '.ts' extension. Consider importing '../assets/colors/alias.js' instead.
src/components/Divider.tsx(3,26): error TS2691: An import path cannot end with a '.tsx' extension. Consider importing '../contexts/ThemeContext.js' instead.
src/components/DropdownItem.tsx(3,24): error TS2691: An import path cannot end with a '.ts' extension. Consider importing '../assets/colors/alias.js' instead.
src/components/DropdownItem.tsx(4,22): error TS2691: An import path cannot end with a '.tsx' extension. Consider importing '../Text.js' instead.
src/components/DropdownItem.tsx(5,26): error TS2691: An import path cannot end with a '.tsx' extension. Consider importing '../contexts/ThemeContext.js' instead.
src/components/DropdownWrapper.tsx(3,24): error TS2691: An import path cannot end with a '.ts' extension. Consider importing '../assets/colors/alias.js' instead.
src/components/DropdownWrapper.tsx(4,26): error TS2691: An import path cannot end with a '.tsx' extension. Consider importing '../contexts/ThemeContext.js' instead.
src/components/DropdownWrapper.tsx(5,26): error TS2691: An import path cannot end with a '.tsx' extension. Consider importing './DropdownItem.js' instead.
src/components/DropdownWrapper.tsx(74,29): error TS7006: Parameter 'themeName' implicitly has an 'any' type.
src/components/FloatingCollapseButton.tsx(3,24): error TS2691: An import path cannot end with a '.ts' extension. Consider importing '../assets/colors/alias.js' instead.
src/components/FloatingCollapseButton.tsx(4,26): error TS2691: An import path cannot end with a '.tsx' extension. Consider importing '../contexts/ThemeContext.js' instead.
src/components/FloatingCollapseButton.tsx(5,29): error TS2691: An import path cannot end with a '.tsx' extension. Consider importing '../contexts/CollapseContext.js' instead.
src/components/ImageBlock.tsx(2,24): error TS2691: An import path cannot end with a '.ts' extension. Consider importing '../assets/colors/alias.js' instead.
src/components/ImageBlock.tsx(3,26): error TS2691: An import path cannot end with a '.tsx' extension. Consider importing '../contexts/ThemeContext.js' instead.
src/components/ItemCollapse.tsx(3,24): error TS2691: An import path cannot end with a '.ts' extension. Consider importing '../assets/colors/alias.js' instead.
src/components/ItemCollapse.tsx(4,22): error TS2691: An import path cannot end with a '.tsx' extension. Consider importing '../Text.js' instead.
src/components/ItemCollapse.tsx(5,26): error TS2691: An import path cannot end with a '.tsx' extension. Consider importing '../contexts/ThemeContext.js' instead.
src/components/ItemCollapse.tsx(6,29): error TS2691: An import path cannot end with a '.tsx' extension. Consider importing '../contexts/CollapseContext.js' instead.
src/components/ItemLayer.tsx(3,24): error TS2691: An import path cannot end with a '.ts' extension. Consider importing '../assets/colors/alias.js' instead.
src/components/ItemLayer.tsx(4,22): error TS2691: An import path cannot end with a '.tsx' extension. Consider importing '../Text.js' instead.
src/components/ItemLayer.tsx(5,26): error TS2691: An import path cannot end with a '.tsx' extension. Consider importing '../contexts/ThemeContext.js' instead.
src/components/ItemPage.tsx(4,24): error TS2691: An import path cannot end with a '.ts' extension. Consider importing '../assets/colors/alias.js' instead.
src/components/ItemPage.tsx(5,22): error TS2691: An import path cannot end with a '.tsx' extension. Consider importing '../Text.js' instead.
src/components/ItemPage.tsx(6,26): error TS2691: An import path cannot end with a '.tsx' extension. Consider importing '../contexts/ThemeContext.js' instead.
src/components/ItemPage.tsx(7,26): error TS2691: An import path cannot end with a '.tsx' extension. Consider importing '../contexts/PageContext.js' instead.
src/components/ItemSocials.tsx(3,24): error TS2691: An import path cannot end with a '.ts' extension. Consider importing '../assets/colors/alias.js' instead.
src/components/ItemSocials.tsx(4,22): error TS2691: An import path cannot end with a '.tsx' extension. Consider importing '../Text.js' instead.
src/components/ItemSocials.tsx(5,26): error TS2691: An import path cannot end with a '.tsx' extension. Consider importing '../contexts/ThemeContext.js' instead.
src/components/LeftBar.tsx(2,24): error TS2691: An import path cannot end with a '.ts' extension. Consider importing '../assets/colors/alias.js' instead.
src/components/LeftBar.tsx(3,26): error TS2691: An import path cannot end with a '.tsx' extension. Consider importing '../contexts/ThemeContext.js' instead.
src/components/LeftBar.tsx(4,25): error TS2691: An import path cannot end with a '.tsx' extension. Consider importing '../contexts/PageContext.js' instead.
src/components/LeftBar.tsx(5,22): error TS2691: An import path cannot end with a '.tsx' extension. Consider importing '../Text.js' instead.
src/components/LeftBar.tsx(8,32): error TS2691: An import path cannot end with a '.tsx' extension. Consider importing './LayoutVertical.js' instead.
src/components/LeftBar.tsx(9,34): error TS2691: An import path cannot end with a '.tsx' extension. Consider importing './LayoutHorizontal.js' instead.
src/components/LeftBar.tsx(10,21): error TS2691: An import path cannot end with a '.tsx' extension. Consider importing './Divider.js' instead.
src/components/LeftBar.tsx(11,18): error TS2691: An import path cannot end with a '.tsx' extension. Consider importing './Chip.js' instead.
src/components/LeftBar.tsx(12,18): error TS2691: An import path cannot end with a '.tsx' extension. Consider importing './ItemPage.js' instead.
src/components/LeftBar.tsx(13,23): error TS2691: An import path cannot end with a '.tsx' extension. Consider importing './ItemLayer.js' instead.
src/components/LeftBar.tsx(14,31): error TS2691: An import path cannot end with a '.tsx' extension. Consider importing './ThemeSwitcher.js' instead.
src/components/LeftBar.tsx(138,25): error TS7006: Parameter 'layer' implicitly has an 'any' type.
src/components/LeftBar.tsx(138,32): error TS7006: Parameter 'index' implicitly has an 'any' type.
src/components/Link.tsx(3,24): error TS2691: An import path cannot end with a '.ts' extension. Consider importing '../assets/colors/alias.js' instead.
src/components/Link.tsx(4,26): error TS2691: An import path cannot end with a '.tsx' extension. Consider importing '../ThemeContext.js' instead.
src/components/Link.tsx(5,22): error TS2691: An import path cannot end with a '.tsx' extension. Consider importing '../Text.js' instead.
src/components/Message.tsx(3,24): error TS2691: An import path cannot end with a '.ts' extension. Consider importing '../assets/colors/alias.js' instead.
src/components/Message.tsx(4,26): error TS2691: An import path cannot end with a '.tsx' extension. Consider importing '../contexts/ThemeContext.js' instead.
src/components/Message.tsx(5,22): error TS2691: An import path cannot end with a '.tsx' extension. Consider importing '../Text.js' instead.
src/components/Message.tsx(6,18): error TS2691: An import path cannot end with a '.tsx' extension. Consider importing './Link.js' instead.
src/components/RightBar.tsx(3,24): error TS2691: An import path cannot end with a '.ts' extension. Consider importing '../assets/colors/alias.js' instead.
src/components/RightBar.tsx(4,26): error TS2691: An import path cannot end with a '.tsx' extension. Consider importing '../contexts/ThemeContext.js' instead.
src/components/RightBar.tsx(5,29): error TS2691: An import path cannot end with a '.tsx' extension. Consider importing '../contexts/CollapseContext.js' instead.
src/components/RightBar.tsx(6,22): error TS2691: An import path cannot end with a '.tsx' extension. Consider importing '../Text.js' instead.
src/components/RightBar.tsx(12,32): error TS2691: An import path cannot end with a '.tsx' extension. Consider importing './LayoutVertical.js' instead.
src/components/RightBar.tsx(13,34): error TS2691: An import path cannot end with a '.tsx' extension. Consider importing './LayoutHorizontal.js' instead.
src/components/RightBar.tsx(14,21): error TS2691: An import path cannot end with a '.tsx' extension. Consider importing './Divider.js' instead.
src/components/RightBar.tsx(15,20): error TS2691: An import path cannot end with a '.tsx' extension. Consider importing './Button.js' instead.
src/components/RightBar.tsx(16,25): error TS2691: An import path cannot end with a '.tsx' extension. Consider importing './ItemSocials.js' instead.
src/components/RightBar.tsx(17,26): error TS2691: An import path cannot end with a '.tsx' extension. Consider importing './ItemCollapse.js' instead.
src/components/TextCard.tsx(3,24): error TS2691: An import path cannot end with a '.ts' extension. Consider importing '../assets/colors/alias.js' instead.
src/components/TextCard.tsx(4,26): error TS2691: An import path cannot end with a '.tsx' extension. Consider importing '../contexts/ThemeContext.js' instead.
src/components/TextCard.tsx(5,22): error TS2691: An import path cannot end with a '.tsx' extension. Consider importing '../Text.js' instead.
src/components/TextCardList.tsx(2,26): error TS2691: An import path cannot end with a '.tsx' extension. Consider importing './TextCard.js' instead.
src/components/ThemeSwitcher.tsx(3,24): error TS2691: An import path cannot end with a '.ts' extension. Consider importing '../assets/colors/alias.js' instead.
src/components/ThemeSwitcher.tsx(4,26): error TS2691: An import path cannot end with a '.tsx' extension. Consider importing '../contexts/ThemeContext.js' instead.
src/components/ThemeSwitcher.tsx(7,29): error TS2691: An import path cannot end with a '.tsx' extension. Consider importing './DropdownWrapper.js' instead.
src/contexts/ThemeContext.tsx(2,24): error TS2691: An import path cannot end with a '.ts' extension. Consider importing '../assets/colors/alias.js' instead.
src/contexts/ThemeContext.tsx(21,57): error TS2345: Argument of type 'string | number | symbol' is not assignable to parameter of type 'string'.
  Type 'number' is not assignable to type 'string'.
src/contexts/ThemeContext.tsx(22,35): error TS2345: Argument of type 'string | number | symbol' is not assignable to parameter of type 'string'.
  Type 'number' is not assignable to type 'string'.
src/hooks/useLayerNavigation.ts(2,25): error TS2691: An import path cannot end with a '.tsx' extension. Consider importing '../contexts/PageContext.js' instead.
src/index.tsx(2,22): error TS7016: Could not find a declaration file for module 'react-dom/client'. 'C:/Users/nkcuo/OneDrive/Documents/portfolio-2025/node_modules/react-dom/client.js' implicitly has an 'any' type.
  Try `npm i --save-dev @types/react-dom` if it exists or add a new declaration (.d.ts) file containing `declare module 'react-dom/client';`
src/pages/About.tsx(2,24): error TS2691: An import path cannot end with a '.ts' extension. Consider importing '../assets/colors/alias.js' instead.
src/pages/About.tsx(3,26): error TS2691: An import path cannot end with a '.tsx' extension. Consider importing '../contexts/ThemeContext.js' instead.
src/pages/About.tsx(4,29): error TS2691: An import path cannot end with a '.tsx' extension. Consider importing '../contexts/CollapseContext.js' instead.
src/pages/About.tsx(5,32): error TS2691: An import path cannot end with a '.tsx' extension. Consider importing '../components/LayoutVertical.js' instead.
src/pages/About.tsx(6,22): error TS2691: An import path cannot end with a '.tsx' extension. Consider importing '../Text.js' instead.
src/pages/GoodHood.tsx(2,24): error TS2691: An import path cannot end with a '.ts' extension. Consider importing '../assets/colors/alias.js' instead.
src/pages/GoodHood.tsx(3,26): error TS2691: An import path cannot end with a '.tsx' extension. Consider importing '../contexts/ThemeContext.js' instead.
src/pages/GoodHood.tsx(4,29): error TS2691: An import path cannot end with a '.tsx' extension. Consider importing '../contexts/CollapseContext.js' instead.
src/pages/GoodHood.tsx(5,32): error TS2691: An import path cannot end with a '.tsx' extension. Consider importing '../components/LayoutVertical.js' instead.
src/pages/GoodHood.tsx(6,34): error TS2691: An import path cannot end with a '.tsx' extension. Consider importing '../components/LayoutHorizontal.js' instead.
src/pages/GoodHood.tsx(7,22): error TS2691: An import path cannot end with a '.tsx' extension. Consider importing '../Text.js' instead.
src/pages/GoodHood.tsx(9,36): error TS2691: An import path cannot end with a '.ts' extension. Consider importing '../hooks/useLayerNavigation.js' instead.
src/pages/GoodHood.tsx(10,28): error TS2691: An import path cannot end with a '.tsx' extension. Consider importing '../components/ImageBlock.js' instead.
src/pages/GoodHood.tsx(11,25): error TS2691: An import path cannot end with a '.tsx' extension. Consider importing '../components/Divider.js' instead.
src/pages/Home.tsx(3,24): error TS2691: An import path cannot end with a '.ts' extension. Consider importing '../assets/colors/alias.js' instead.
src/pages/Home.tsx(4,26): error TS2691: An import path cannot end with a '.tsx' extension. Consider importing '../contexts/ThemeContext.js' instead.
src/pages/Home.tsx(5,29): error TS2691: An import path cannot end with a '.tsx' extension. Consider importing '../contexts/CollapseContext.js' instead.
src/pages/Home.tsx(6,32): error TS2691: An import path cannot end with a '.tsx' extension. Consider importing '../components/LayoutVertical.js' instead.
src/pages/Home.tsx(7,34): error TS2691: An import path cannot end with a '.tsx' extension. Consider importing '../components/LayoutHorizontal.js' instead.
src/pages/Home.tsx(8,22): error TS2691: An import path cannot end with a '.tsx' extension. Consider importing '../Text.js' instead.
src/pages/Home.tsx(14,36): error TS2691: An import path cannot end with a '.ts' extension. Consider importing '../hooks/useLayerNavigation.js' instead.
src/pages/MixBatch.tsx(2,24): error TS2691: An import path cannot end with a '.ts' extension. Consider importing '../assets/colors/alias.js' instead.
src/pages/MixBatch.tsx(3,26): error TS2691: An import path cannot end with a '.tsx' extension. Consider importing '../contexts/ThemeContext.js' instead.
src/pages/MixBatch.tsx(4,29): error TS2691: An import path cannot end with a '.tsx' extension. Consider importing '../contexts/CollapseContext.js' instead.
src/pages/MixBatch.tsx(5,32): error TS2691: An import path cannot end with a '.tsx' extension. Consider importing '../components/LayoutVertical.js' instead.
src/pages/MixBatch.tsx(6,34): error TS2691: An import path cannot end with a '.tsx' extension. Consider importing '../components/LayoutHorizontal.js' instead.
src/pages/MixBatch.tsx(7,22): error TS2691: An import path cannot end with a '.tsx' extension. Consider importing '../Text.js' instead.
src/pages/MixBatch.tsx(9,36): error TS2691: An import path cannot end with a '.ts' extension. Consider importing '../hooks/useLayerNavigation.js' instead.
src/pages/MixBatch.tsx(10,25): error TS2691: An import path cannot end with a '.tsx' extension. Consider importing '../components/Divider.js' instead.
src/pages/MixBatch.tsx(11,28): error TS2691: An import path cannot end with a '.tsx' extension. Consider importing '../components/ImageBlock.js' instead.
src/pages/Resume.tsx(2,24): error TS2691: An import path cannot end with a '.ts' extension. Consider importing '../assets/colors/alias.js' instead.
src/pages/Resume.tsx(3,26): error TS2691: An import path cannot end with a '.tsx' extension. Consider importing '../contexts/ThemeContext.js' instead.
src/pages/Resume.tsx(4,29): error TS2691: An import path cannot end with a '.tsx' extension. Consider importing '../contexts/CollapseContext.js' instead.
src/pages/Resume.tsx(5,32): error TS2691: An import path cannot end with a '.tsx' extension. Consider importing '../components/LayoutVertical.js' instead.
src/pages/Resume.tsx(6,22): error TS2691: An import path cannot end with a '.tsx' extension. Consider importing '../Text.js' instead.
src/pages/TcbDS.tsx(2,24): error TS2691: An import path cannot end with a '.ts' extension. Consider importing '../assets/colors/alias.js' instead.
src/pages/TcbDS.tsx(3,26): error TS2691: An import path cannot end with a '.tsx' extension. Consider importing '../contexts/ThemeContext.js' instead.
src/pages/TcbDS.tsx(4,29): error TS2691: An import path cannot end with a '.tsx' extension. Consider importing '../contexts/CollapseContext.js' instead.
src/pages/TcbDS.tsx(5,32): error TS2691: An import path cannot end with a '.tsx' extension. Consider importing '../components/LayoutVertical.js' instead.
src/pages/TcbDS.tsx(6,34): error TS2691: An import path cannot end with a '.tsx' extension. Consider importing '../components/LayoutHorizontal.js' instead.
src/pages/TcbDS.tsx(7,22): error TS2691: An import path cannot end with a '.tsx' extension. Consider importing '../Text.js' instead.
src/pages/TcbDS.tsx(9,36): error TS2691: An import path cannot end with a '.ts' extension. Consider importing '../hooks/useLayerNavigation.js' instead.
src/pages/TcbDS.tsx(10,30): error TS2691: An import path cannot end with a '.tsx' extension. Consider importing '../components/TextCardList.js' instead.
src/pages/TcbDS.tsx(12,25): error TS2691: An import path cannot end with a '.tsx' extension. Consider importing '../components/Divider.js' instead.
src/pages/TcbDS.tsx(13,28): error TS2691: An import path cannot end with a '.tsx' extension. Consider importing '../components/ImageBlock.js' instead.
src/Text.tsx(2,28): error TS2691: An import path cannot end with a '.ts' extension. Consider importing './assets/typography/typo.js' instead.
tsconfig.json(10,5): error TS5023: Unknown compiler option 'allowImportingTsExtensions'.
